==31243== Cachegrind, a cache and branch-prediction profiler
==31243== Copyright (C) 2002-2017, and GNU GPL'd, by Nicholas Nethercote et al.
==31243== Using Valgrind-3.18.1 and LibVEX; rerun with -h for copyright info
==31243== Command: ./main 6
==31243== 
--31243-- warning: L3 cache found, using its data for the LL simulation.
==31243== 
==31243== I   refs:      2,438,929
==31243== I1  misses:        2,248
==31243== LLi misses:        2,150
==31243== I1  miss rate:      0.09%
==31243== LLi miss rate:      0.09%
==31243== 
==31243== D   refs:        808,227  (589,390 rd   + 218,837 wr)
==31243== D1  misses:       15,243  ( 12,326 rd   +   2,917 wr)
==31243== LLd misses:        9,813  (  7,666 rd   +   2,147 wr)
==31243== D1  miss rate:       1.9% (    2.1%     +     1.3%  )
==31243== LLd miss rate:       1.2% (    1.3%     +     1.0%  )
==31243== 
==31243== LL refs:          17,491  ( 14,574 rd   +   2,917 wr)
==31243== LL misses:        11,963  (  9,816 rd   +   2,147 wr)
==31243== LL miss rate:        0.4% (    0.3%     +     1.0%  )
==31454== Cachegrind, a cache and branch-prediction profiler
==31454== Copyright (C) 2002-2017, and GNU GPL'd, by Nicholas Nethercote et al.
==31454== Using Valgrind-3.18.1 and LibVEX; rerun with -h for copyright info
==31454== Command: ./main 7
==31454== 
--31454-- warning: L3 cache found, using its data for the LL simulation.
==31454== 
==31454== I   refs:      2,683,317
==31454== I1  misses:        2,282
==31454== LLi misses:        2,155
==31454== I1  miss rate:      0.09%
==31454== LLi miss rate:      0.08%
==31454== 
==31454== D   refs:        913,632  (656,591 rd   + 257,041 wr)
==31454== D1  misses:       20,568  ( 14,877 rd   +   5,691 wr)
==31454== LLd misses:       11,397  (  7,666 rd   +   3,731 wr)
==31454== D1  miss rate:       2.3% (    2.3%     +     2.2%  )
==31454== LLd miss rate:       1.2% (    1.2%     +     1.5%  )
==31454== 
==31454== LL refs:          22,850  ( 17,159 rd   +   5,691 wr)
==31454== LL misses:        13,552  (  9,821 rd   +   3,731 wr)
==31454== LL miss rate:        0.4% (    0.3%     +     1.5%  )
==34251== Cachegrind, a cache and branch-prediction profiler
==34251== Copyright (C) 2002-2017, and GNU GPL'd, by Nicholas Nethercote et al.
==34251== Using Valgrind-3.18.1 and LibVEX; rerun with -h for copyright info
==34251== Command: ./main 7
==34251== 
--34251-- warning: L3 cache found, using its data for the LL simulation.
==34251== 
==34251== I   refs:      2,683,323
==34251== I1  misses:        2,278
==34251== LLi misses:        2,152
==34251== I1  miss rate:      0.08%
==34251== LLi miss rate:      0.08%
==34251== 
==34251== D   refs:        913,633  (656,592 rd   + 257,041 wr)
==34251== D1  misses:       20,568  ( 14,877 rd   +   5,691 wr)
==34251== LLd misses:       11,397  (  7,666 rd   +   3,731 wr)
==34251== D1  miss rate:       2.3% (    2.3%     +     2.2%  )
==34251== LLd miss rate:       1.2% (    1.2%     +     1.5%  )
==34251== 
==34251== LL refs:          22,846  ( 17,155 rd   +   5,691 wr)
==34251== LL misses:        13,549  (  9,818 rd   +   3,731 wr)
==34251== LL miss rate:        0.4% (    0.3%     +     1.5%  )
==34402== Cachegrind, a cache and branch-prediction profiler
==34402== Copyright (C) 2002-2017, and GNU GPL'd, by Nicholas Nethercote et al.
==34402== Using Valgrind-3.18.1 and LibVEX; rerun with -h for copyright info
==34402== Command: ./main 10
==34402== 
--34402-- warning: L3 cache found, using its data for the LL simulation.
==34402== brk segment overflow in thread #1: can't grow to 0x485c000
==34402== (see section Limitations in user manual)
==34402== NOTE: further instances of this message will not be shown
==34402== 
==34402== I   refs:      18,437,339
==34402== I1  misses:         2,306
==34402== LLi misses:         2,227
==34402== I1  miss rate:       0.01%
==34402== LLi miss rate:       0.01%
==34402== 
==34402== D   refs:       7,911,284  (5,131,230 rd   + 2,780,054 wr)
==34402== D1  misses:     1,474,962  (  285,584 rd   + 1,189,378 wr)
==34402== LLd misses:       156,064  (   16,744 rd   +   139,320 wr)
==34402== D1  miss rate:       18.6% (      5.6%     +      42.8%  )
==34402== LLd miss rate:        2.0% (      0.3%     +       5.0%  )
==34402== 
==34402== LL refs:        1,477,268  (  287,890 rd   + 1,189,378 wr)
==34402== LL misses:        158,291  (   18,971 rd   +   139,320 wr)
==34402== LL miss rate:         0.6% (      0.1%     +       5.0%  )
==34512== Cachegrind, a cache and branch-prediction profiler
==34512== Copyright (C) 2002-2017, and GNU GPL'd, by Nicholas Nethercote et al.
==34512== Using Valgrind-3.18.1 and LibVEX; rerun with -h for copyright info
==34512== Command: ./main 14
==34512== 
--34512-- warning: L3 cache found, using its data for the LL simulation.
==34512== brk segment overflow in thread #1: can't grow to 0x485f000
==34512== (see section Limitations in user manual)
==34512== NOTE: further instances of this message will not be shown
==34512== 
==34512== I   refs:      3,723,463,968
==34512== I1  misses:            2,326
==34512== LLi misses:            2,245
==34512== I1  miss rate:          0.00%
==34512== LLi miss rate:          0.00%
==34512== 
==34512== D   refs:      1,689,684,407  (1,081,312,483 rd   + 608,371,924 wr)
==34512== D1  misses:      623,790,390  (   70,035,504 rd   + 553,754,886 wr)
==34512== LLd misses:      548,912,004  (   35,129,261 rd   + 513,782,743 wr)
==34512== D1  miss rate:          36.9% (          6.5%     +        91.0%  )
==34512== LLd miss rate:          32.5% (          3.2%     +        84.5%  )
==34512== 
==34512== LL refs:         623,792,716  (   70,037,830 rd   + 553,754,886 wr)
==34512== LL misses:       548,914,249  (   35,131,506 rd   + 513,782,743 wr)
==34512== LL miss rate:           10.1% (          0.7%     +        84.5%  )
